\BOOKMARK [0][-]{chapter.1}{\376\377\0001\000\040\000O\000b\000j\000P\000i\000r\000m\000a\000U\000z\000d\000u\000o\000t\000i\000s}{}% 1
\BOOKMARK [1][-]{subsection.1.0.1}{\376\377\0001\000.\0000\000.\0001\000\040\000D\000u\000o\000m\000e\000n\001\163\000\040\000i\001\141\000v\000e\000s\000t\000i\000s}{chapter.1}% 2
\BOOKMARK [1][-]{section.1.1}{\376\377\0001\000.\0001\000\040\000T\000e\000s\000t\000a\000v\000i\000m\000o\000\040\000s\000i\000s\000t\000e\000m\000o\000s\000\040\000p\000a\000r\000a\000m\000e\000t\000r\000a\000i\000:}{chapter.1}% 3
\BOOKMARK [1][-]{section.1.2}{\376\377\0001\000.\0002\000\040\000T\000e\000s\000t\000a\000i\000\040\000s\000u\000\040\000k\000l\000a\000s\000e\000m\000i\000s\000\040\000\050\000n\000a\000u\000d\000o\000j\000a\000n\000t\000\040\000v\000e\000c\000t\000o\000r\000\051}{chapter.1}% 4
\BOOKMARK [1][-]{section.1.3}{\376\377\0001\000.\0003\000\040\000T\000e\000s\000t\000a\000i\000\040\000s\000u\000\040\000s\000t\000r\000u\000k\000t\000u\000r\000o\000m\000i\000s\000\040\000\050\000n\000a\000u\000d\000o\000j\000a\000n\000t\000\040\000v\000e\000c\000t\000o\000r\000\051}{chapter.1}% 5
\BOOKMARK [1][-]{section.1.4}{\376\377\0001\000.\0004\000\040\000F\000l\000a\000g\000\040\000t\000e\000s\000t\000a\000i\000:}{chapter.1}% 6
\BOOKMARK [1][-]{section.1.5}{\376\377\0001\000.\0005\000\040\000O\0001\000\040\000f\000l\000a\000g\000,\000\040\000.\000e\000x\000e\000\040\000f\000a\000i\000l\000o\000\040\000d\000y\000d\000i\000s\000:\000\040\0003\0000\0009\000\040\000K\000B}{chapter.1}% 7
\BOOKMARK [1][-]{section.1.6}{\376\377\0001\000.\0006\000\040\000O\0002\000\040\000f\000l\000a\000g\000,\000\040\000.\000e\000x\000e\000\040\000f\000a\000i\000l\000o\000\040\000d\000y\000d\000i\000s\000:\000\040\0002\0007\0003\000\040\000K\000B}{chapter.1}% 8
\BOOKMARK [1][-]{section.1.7}{\376\377\0001\000.\0007\000\040\000O\0003\000\040\000f\000l\000a\000g\000,\000\040\000.\000e\000x\000e\000\040\000f\000a\000i\000l\000o\000\040\000d\000y\000d\000i\000s\000:\000\040\0003\0001\0008\000\040\000K\000B}{chapter.1}% 9
\BOOKMARK [0][-]{chapter.2}{\376\377\0002\000\040\000H\000i\000e\000r\000a\000r\000c\000h\000i\000c\000a\000l\000\040\000I\000n\000d\000e\000x}{}% 10
\BOOKMARK [1][-]{section.2.1}{\376\377\0002\000.\0001\000\040\000C\000l\000a\000s\000s\000\040\000H\000i\000e\000r\000a\000r\000c\000h\000y}{chapter.2}% 11
\BOOKMARK [0][-]{chapter.3}{\376\377\0003\000\040\000C\000l\000a\000s\000s\000\040\000I\000n\000d\000e\000x}{}% 12
\BOOKMARK [1][-]{section.3.1}{\376\377\0003\000.\0001\000\040\000C\000l\000a\000s\000s\000\040\000L\000i\000s\000t}{chapter.3}% 13
\BOOKMARK [0][-]{chapter.4}{\376\377\0004\000\040\000F\000i\000l\000e\000\040\000I\000n\000d\000e\000x}{}% 14
\BOOKMARK [1][-]{section.4.1}{\376\377\0004\000.\0001\000\040\000F\000i\000l\000e\000\040\000L\000i\000s\000t}{chapter.4}% 15
\BOOKMARK [0][-]{chapter.5}{\376\377\0005\000\040\000C\000l\000a\000s\000s\000\040\000D\000o\000c\000u\000m\000e\000n\000t\000a\000t\000i\000o\000n}{}% 16
\BOOKMARK [1][-]{section.5.1}{\376\377\0005\000.\0001\000\040\000S\000t\000u\000d\000e\000n\000t\000a\000s\000\040\000C\000l\000a\000s\000s\000\040\000R\000e\000f\000e\000r\000e\000n\000c\000e}{chapter.5}% 17
\BOOKMARK [2][-]{subsection.5.1.1}{\376\377\0005\000.\0001\000.\0001\000\040\000M\000e\000m\000b\000e\000r\000\040\000F\000u\000n\000c\000t\000i\000o\000n\000\040\000D\000o\000c\000u\000m\000e\000n\000t\000a\000t\000i\000o\000n}{section.5.1}% 18
\BOOKMARK [3][-]{subsubsection.5.1.1.1}{\376\377\0005\000.\0001\000.\0001\000.\0001\000\040\000s\000p\000a\000u\000s\000d\000i\000n\000t\000i\000\050\000\051}{subsection.5.1.1}% 19
\BOOKMARK [1][-]{section.5.2}{\376\377\0005\000.\0002\000\040\000Z\000m\000o\000g\000u\000s\000\040\000C\000l\000a\000s\000s\000\040\000R\000e\000f\000e\000r\000e\000n\000c\000e}{chapter.5}% 20
\BOOKMARK [0][-]{chapter.6}{\376\377\0006\000\040\000F\000i\000l\000e\000\040\000D\000o\000c\000u\000m\000e\000n\000t\000a\000t\000i\000o\000n}{}% 21
\BOOKMARK [1][-]{section.6.1}{\376\377\0006\000.\0001\000\040\000f\000u\000n\000k\000c\000i\000j\000o\000s\000.\000h}{chapter.6}% 22
\BOOKMARK [1][-]{section.6.2}{\376\377\0006\000.\0002\000\040\000m\000a\000n\000o\000\137\000l\000i\000b\000.\000h}{chapter.6}% 23
\BOOKMARK [0][-]{section*.10}{\376\377\000I\000n\000d\000e\000x}{}% 24
